=== HXS Orchestrator Started at 2026-07-24T19:50:24Z ===
Max runs: 1

=== HXS Run 1: hxs_run_1_20260724_195024 ===
[1] Running Setup...
[1]  PASS Setup
=== hxs_recording — anti-bluff verification ===
Date: Fri Jul 24 10:50:24 PM MSK 2026
Results: /tmp/hxs_recording.results

ACTION #1: HXS Recording: START for hxs_run_1_20260724_195024
=== Starting recording for hxs_run_1_20260724_195024 ===
SKIP: HelixQA bridge not available at http://127.0.0.1:7842 (HTTP 000000) (infra)

=== SUMMARY ===
PASS:    0
FAIL:    0
SKIP:    1
ACTIONS: 1
TOTAL:   1
Results: /tmp/hxs_recording.results
[1] Running Frontend E2E...
[1]  FAIL Frontend E2E (rc=1)
[1] Running Backend E2E...
[1]  PASS Backend E2E
=== hxs_recording — anti-bluff verification ===
Date: Fri Jul 24 10:50:24 PM MSK 2026
Results: /tmp/hxs_recording.results

ACTION #1: HXS Recording: STOP for hxs_run_1_20260724_195024
=== Stopping recording for hxs_run_1_20260724_195024 ===
PASS: Recording stopped (no path returned)

=== SUMMARY ===
PASS:    1
FAIL:    0
SKIP:    0
ACTIONS: 1
TOTAL:   1
Results: /tmp/hxs_recording.results
[1] Running OpenCV Analysis...
[1]  SKIP OpenCV Analysis (infra not available)
[1] Running Workable Items...
[1]  PASS Workable Items
[1] ALL GREEN — zero issues

=== HXS Orchestrator Finished ===
Started: 2026-07-24T19:50:24Z
Ended:   2026-07-24T19:50:25Z
Runs:    1
Final report: /run/media/milosvasic/DATA4TB/Projects/helix_seller/docs/challenges/HXS_FINAL_REPORT.md
=== HXS Orchestrator Started at 2026-07-24T19:52:50Z ===
Max runs: 1

=== HXS Run 1: hxs_run_1_20260724_195250 ===
[1] Running Setup...
[1]  PASS Setup
=== hxs_recording — anti-bluff verification ===
Date: Fri Jul 24 10:52:51 PM MSK 2026
Results: /tmp/hxs_recording.results

ACTION #1: HXS Recording: START for hxs_run_1_20260724_195250
=== Starting recording for hxs_run_1_20260724_195250 ===
SKIP: HelixQA bridge not available at http://127.0.0.1:7842 (HTTP 000000) (infra)

=== SUMMARY ===
PASS:    0
FAIL:    0
SKIP:    1
ACTIONS: 1
TOTAL:   1
Results: /tmp/hxs_recording.results
[1] Running Frontend E2E...
[1]  FAIL Frontend E2E (rc=1)
[1] Running Backend E2E...
[1]  PASS Backend E2E
=== hxs_recording — anti-bluff verification ===
Date: Fri Jul 24 10:52:51 PM MSK 2026
Results: /tmp/hxs_recording.results

ACTION #1: HXS Recording: STOP for hxs_run_1_20260724_195250
=== Stopping recording for hxs_run_1_20260724_195250 ===
PASS: Recording stopped (no path returned)

=== SUMMARY ===
PASS:    1
FAIL:    0
SKIP:    0
ACTIONS: 1
TOTAL:   1
Results: /tmp/hxs_recording.results
[1] Running OpenCV Analysis...
[1]  SKIP OpenCV Analysis (infra not available)
[1] Running Workable Items...
[1]  PASS Workable Items
[1] WARNING 1 issue(s) detected — restarting loop
[1] Reached max runs (1) — exiting

=== HXS Orchestrator Finished ===
Started: 2026-07-24T19:52:50Z
Ended:   2026-07-24T19:52:53Z
Runs:    1
Final report: /run/media/milosvasic/DATA4TB/Projects/helix_seller/docs/challenges/HXS_FINAL_REPORT.md
=== HXS Orchestrator Started at 2026-07-24T19:53:36Z ===
Max runs: 1

=== HXS Run 1: hxs_run_1_20260724_195337 ===
[1] Running Setup...
[1]  PASS Setup
=== hxs_recording — anti-bluff verification ===
Date: Fri Jul 24 10:53:37 PM MSK 2026
Results: /tmp/hxs_recording.results

ACTION #1: HXS Recording: START for hxs_run_1_20260724_195337
=== Starting recording for hxs_run_1_20260724_195337 ===
SKIP: HelixQA bridge not available at http://127.0.0.1:7842 (HTTP 000000) (infra)

=== SUMMARY ===
PASS:    0
FAIL:    0
SKIP:    1
ACTIONS: 1
TOTAL:   1
Results: /tmp/hxs_recording.results
[1] Running Frontend E2E...
[1]  PASS Frontend E2E
[1] Running Backend E2E...
[1]  PASS Backend E2E
=== hxs_recording — anti-bluff verification ===
Date: Fri Jul 24 10:53:37 PM MSK 2026
Results: /tmp/hxs_recording.results

ACTION #1: HXS Recording: STOP for hxs_run_1_20260724_195337
=== Stopping recording for hxs_run_1_20260724_195337 ===
PASS: Recording stopped (no path returned)

=== SUMMARY ===
PASS:    1
FAIL:    0
SKIP:    0
ACTIONS: 1
TOTAL:   1
Results: /tmp/hxs_recording.results
[1] Running OpenCV Analysis...
[1]  SKIP OpenCV Analysis (infra not available)
[1] Running Workable Items...
[1]  PASS Workable Items
[1] ALL GREEN — zero issues

=== HXS Orchestrator Finished ===
Started: 2026-07-24T19:53:36Z
Ended:   2026-07-24T19:53:37Z
Runs:    1
Final report: /run/media/milosvasic/DATA4TB/Projects/helix_seller/docs/challenges/HXS_FINAL_REPORT.md
=== HXS-001 CLOSED — Angular E2E now passes all 14 assertions ===
=== HXS Orchestrator Started at 2026-07-24T20:01:13Z ===
Max runs: 1

=== HXS Run 1: hxs_run_1_20260724_200113 ===
[1] Running Setup...
[1]  PASS Setup
=== hxs_recording — anti-bluff verification ===
Date: Fri Jul 24 11:01:14 PM MSK 2026
Results: /tmp/hxs_recording.results

ACTION #1: HXS Recording: START for hxs_run_1_20260724_200113
=== Starting recording for hxs_run_1_20260724_200113 ===
SKIP: HelixQA bridge not available at http://127.0.0.1:7842 (HTTP 000000) (infra)

=== SUMMARY ===
PASS:    0
FAIL:    0
SKIP:    1
ACTIONS: 1
TOTAL:   1
Results: /tmp/hxs_recording.results
[1] Running Frontend E2E...
[1]  PASS Frontend E2E
[1] Running Backend E2E...
[1]  PASS Backend E2E
=== hxs_recording — anti-bluff verification ===
Date: Fri Jul 24 11:01:14 PM MSK 2026
Results: /tmp/hxs_recording.results

ACTION #1: HXS Recording: STOP for hxs_run_1_20260724_200113
=== Stopping recording for hxs_run_1_20260724_200113 ===
PASS: Recording stopped (no path returned)

=== SUMMARY ===
PASS:    1
FAIL:    0
SKIP:    0
ACTIONS: 1
TOTAL:   1
Results: /tmp/hxs_recording.results
[1] Running OpenCV Analysis...
[1]  SKIP OpenCV Analysis (infra not available)
[1] Running Workable Items...
[1]  PASS Workable Items
[1] ALL GREEN — zero issues

=== HXS Orchestrator Finished ===
Started: 2026-07-24T20:01:13Z
Ended:   2026-07-24T20:01:14Z
Runs:    1
Final report: /run/media/milosvasic/DATA4TB/Projects/helix_seller/docs/challenges/HXS_FINAL_REPORT.md
=== HXS Orchestrator Started at 2026-07-24T20:25:44Z ===
Max runs: 1

=== HXS Run 1: hxs_run_1_20260724_202544 ===
[1] Running Setup...
[1]  PASS Setup
=== hxs_recording — anti-bluff verification ===
Date: Fri Jul 24 11:25:51 PM MSK 2026
Results: /tmp/hxs_recording.results

ACTION #1: HXS Recording: START for hxs_run_1_20260724_202544
=== Starting recording for hxs_run_1_20260724_202544 ===
SKIP: HelixQA bridge not available at http://127.0.0.1:7842 (HTTP 000000) (infra)

=== SUMMARY ===
PASS:    0
FAIL:    0
SKIP:    1
ACTIONS: 1
TOTAL:   1
Results: /tmp/hxs_recording.results
[1] Running Frontend E2E...
[1]  PASS Frontend E2E
[1] Running Backend E2E...
[1]  PASS Backend E2E
=== hxs_recording — anti-bluff verification ===
Date: Fri Jul 24 11:25:51 PM MSK 2026
Results: /tmp/hxs_recording.results

ACTION #1: HXS Recording: STOP for hxs_run_1_20260724_202544
=== Stopping recording for hxs_run_1_20260724_202544 ===
PASS: Recording stopped (no path returned)

=== SUMMARY ===
PASS:    1
FAIL:    0
SKIP:    0
ACTIONS: 1
TOTAL:   1
Results: /tmp/hxs_recording.results
[1] Running OpenCV Analysis...
[1]  SKIP OpenCV Analysis (infra not available)
[1] Running Workable Items...
[1]  PASS Workable Items
[1] ALL GREEN — zero issues

=== HXS Orchestrator Finished ===
Started: 2026-07-24T20:25:44Z
Ended:   2026-07-24T20:25:51Z
Runs:    1
Final report: /run/media/milosvasic/DATA4TB/Projects/helix_seller/docs/challenges/HXS_FINAL_REPORT.md
=== HXS Orchestrator Started at 2026-07-24T21:19:08Z ===
Max runs: 1

=== HXS Run 1: hxs_run_1_20260724_211908 ===
[1] Running Setup...
[1]  PASS Setup
=== hxs_recording — anti-bluff verification ===
Date: Sat Jul 25 12:19:08 AM MSK 2026
Results: /tmp/hxs_recording.results

ACTION #1: HXS Recording: START for hxs_run_1_20260724_211908
=== Starting recording for hxs_run_1_20260724_211908 ===
PASS: Bridge health check OK
FAIL: Failed to start recording: {
  "error": "recording start failed",
  "detail": "exit error: exit status 127; output: bash: scrip

=== SUMMARY ===
PASS:    1
FAIL:    1
SKIP:    0
ACTIONS: 1
TOTAL:   2
Results: /tmp/hxs_recording.results
[1] Running Frontend E2E...
[1]  PASS Frontend E2E
[1] Running Backend E2E...
[1]  PASS Backend E2E
=== hxs_recording — anti-bluff verification ===
Date: Sat Jul 25 12:19:09 AM MSK 2026
Results: /tmp/hxs_recording.results

ACTION #1: HXS Recording: STOP for hxs_run_1_20260724_211908
=== Stopping recording for hxs_run_1_20260724_211908 ===
SKIP: Recording stop not fully supported by bridge (may be running as external process) (infra)

=== SUMMARY ===
PASS:    0
FAIL:    0
SKIP:    1
ACTIONS: 1
TOTAL:   1
Results: /tmp/hxs_recording.results
[1] Running OpenCV Analysis...
[1]  SKIP OpenCV Analysis (infra not available)
[1] Running Workable Items...
[1]  PASS Workable Items
[1] ALL GREEN — zero issues

=== HXS Orchestrator Finished ===
Started: 2026-07-24T21:19:08Z
Ended:   2026-07-24T21:19:09Z
Runs:    1
Final report: /run/media/milosvasic/DATA4TB/Projects/helix_seller/docs/challenges/HXS_FINAL_REPORT.md
=== HXS Orchestrator Started at 2026-07-24T21:24:49Z ===
Max runs: 1

=== HXS Run 1: hxs_run_1_20260724_212449 ===
[1] Running Setup...
[1]  PASS Setup
=== hxs_recording — anti-bluff verification ===
Date: Sat Jul 25 12:24:49 AM MSK 2026
Results: /tmp/hxs_recording.results

ACTION #1: HXS Recording: START for hxs_run_1_20260724_212449
=== Starting recording for hxs_run_1_20260724_212449 ===
PASS: Bridge health check OK
FAIL: Failed to start recording: {
  "error": "recording start failed",
  "detail": "exit error: exit status 127; output: bash: scrip

=== SUMMARY ===
PASS:    1
FAIL:    1
SKIP:    0
ACTIONS: 1
TOTAL:   2
Results: /tmp/hxs_recording.results
[1] Running Frontend E2E...
[1]  PASS Frontend E2E
[1] Running Backend E2E...
[1]  PASS Backend E2E
=== hxs_recording — anti-bluff verification ===
Date: Sat Jul 25 12:24:50 AM MSK 2026
Results: /tmp/hxs_recording.results

ACTION #1: HXS Recording: STOP for hxs_run_1_20260724_212449
=== Stopping recording for hxs_run_1_20260724_212449 ===
SKIP: Recording stop not fully supported by bridge (may be running as external process) (infra)

=== SUMMARY ===
PASS:    0
FAIL:    0
SKIP:    1
ACTIONS: 1
TOTAL:   1
Results: /tmp/hxs_recording.results
[1] Running OpenCV Analysis...
[1]  SKIP OpenCV Analysis (infra not available)
[1] Running Workable Items...
[1]  PASS Workable Items
[1] ALL GREEN — zero issues

=== HXS Orchestrator Finished ===
Started: 2026-07-24T21:24:49Z
Ended:   2026-07-24T21:24:50Z
Runs:    1
Final report: /run/media/milosvasic/DATA4TB/Projects/helix_seller/docs/challenges/HXS_FINAL_REPORT.md
=== HXS Orchestrator Started at 2026-07-24T21:29:16Z ===
Max runs: 1

=== HXS Run 1: hxs_run_1_20260724_212916 ===
[1] Running Setup...
[1]  PASS Setup
=== hxs_recording — anti-bluff verification ===
Date: Sat Jul 25 12:29:16 AM MSK 2026
Results: /tmp/hxs_recording.results

ACTION #1: HXS Recording: START for hxs_run_1_20260724_212916
=== Starting recording for hxs_run_1_20260724_212916 ===
PASS: Bridge health check OK
FAIL: Failed to start recording: {
  "error": "recording start failed",
  "detail": "exit error: exit status 127; output: bash: scrip

=== SUMMARY ===
PASS:    1
FAIL:    1
SKIP:    0
ACTIONS: 1
TOTAL:   2
Results: /tmp/hxs_recording.results
[1] Running Frontend E2E...
[1]  PASS Frontend E2E
[1] Running Backend E2E...
[1]  PASS Backend E2E
=== hxs_recording — anti-bluff verification ===
Date: Sat Jul 25 12:29:17 AM MSK 2026
Results: /tmp/hxs_recording.results

ACTION #1: HXS Recording: STOP for hxs_run_1_20260724_212916
=== Stopping recording for hxs_run_1_20260724_212916 ===
SKIP: Recording stop not fully supported by bridge (may be running as external process) (infra)

=== SUMMARY ===
PASS:    0
FAIL:    0
SKIP:    1
ACTIONS: 1
TOTAL:   1
Results: /tmp/hxs_recording.results
[1] Running OpenCV Analysis...
[1]  SKIP OpenCV Analysis (infra not available)
[1] Running Workable Items...
[1]  PASS Workable Items
[1] ALL GREEN — zero issues

=== HXS Orchestrator Finished ===
Started: 2026-07-24T21:29:16Z
Ended:   2026-07-24T21:29:17Z
Runs:    1
Final report: /run/media/milosvasic/DATA4TB/Projects/helix_seller/docs/challenges/HXS_FINAL_REPORT.md
=== HXS Orchestrator Started at 2026-07-24T22:11:29Z ===
Max runs: 1

=== HXS Run 1: hxs_run_1_20260724_221129 ===
[1] Running Setup...
[1]  PASS Setup
=== hxs_recording — anti-bluff verification ===
Date: Sat Jul 25 01:11:30 AM MSK 2026
Results: /tmp/hxs_recording.results

ACTION #1: HXS Recording: START for hxs_run_1_20260724_221129
=== Starting recording for hxs_run_1_20260724_221129 ===
PASS: Bridge health check OK
FAIL: Failed to start recording: {
  "error": "recording start failed",
  "detail": "exit error: exit status 127; output: bash: scrip

=== SUMMARY ===
PASS:    1
FAIL:    1
SKIP:    0
ACTIONS: 1
TOTAL:   2
Results: /tmp/hxs_recording.results
[1] Running Frontend E2E...
[1]  PASS Frontend E2E
[1] Running Backend E2E...
[1]  PASS Backend E2E
=== hxs_recording — anti-bluff verification ===
Date: Sat Jul 25 01:11:32 AM MSK 2026
Results: /tmp/hxs_recording.results

ACTION #1: HXS Recording: STOP for hxs_run_1_20260724_221129
=== Stopping recording for hxs_run_1_20260724_221129 ===
SKIP: Recording stop not fully supported by bridge (may be running as external process) (infra)

=== SUMMARY ===
PASS:    0
FAIL:    0
SKIP:    1
ACTIONS: 1
TOTAL:   1
Results: /tmp/hxs_recording.results
[1] Running OpenCV Analysis...
[1]  PASS OpenCV Analysis
[1] Running Workable Items...
[1]  PASS Workable Items
[1] ALL GREEN — zero issues

=== HXS Orchestrator Finished ===
Started: 2026-07-24T22:11:29Z
Ended:   2026-07-24T22:11:35Z
Runs:    1
Final report: /run/media/milosvasic/DATA4TB/Projects/helix_seller/docs/challenges/HXS_FINAL_REPORT.md
=== HXS Orchestrator Started at 2026-07-25T05:43:00Z ===
Max runs: 1

=== HXS Run 1: hxs_run_1_20260725_054300 ===
[1] Running Setup...
[1]  PASS Setup
=== hxs_recording — anti-bluff verification ===
Date: Sat Jul 25 08:43:01 AM MSK 2026
Results: /tmp/hxs_recording.results

ACTION #1: HXS Recording: START for hxs_run_1_20260725_054300
=== Starting recording for hxs_run_1_20260725_054300 ===
PASS: Bridge health check OK
FAIL: Failed to start recording: {
  "error": "recording start failed",
  "detail": "exit error: exit status 127; output: bash: scrip

=== SUMMARY ===
PASS:    1
FAIL:    1
SKIP:    0
ACTIONS: 1
TOTAL:   2
Results: /tmp/hxs_recording.results
[1] Running Frontend E2E...
[1]  PASS Frontend E2E
[1] Running Backend E2E...
[1]  PASS Backend E2E
=== hxs_recording — anti-bluff verification ===
Date: Sat Jul 25 08:43:02 AM MSK 2026
Results: /tmp/hxs_recording.results

ACTION #1: HXS Recording: STOP for hxs_run_1_20260725_054300
=== Stopping recording for hxs_run_1_20260725_054300 ===
SKIP: Recording stop not fully supported by bridge (may be running as external process) (infra)

=== SUMMARY ===
PASS:    0
FAIL:    0
SKIP:    1
ACTIONS: 1
TOTAL:   1
Results: /tmp/hxs_recording.results
[1] Running OpenCV Analysis...
[1]  PASS OpenCV Analysis
[1] Running Workable Items...
[1]  PASS Workable Items
[1] ALL GREEN — zero issues

=== HXS Orchestrator Finished ===
Started: 2026-07-25T05:43:00Z
Ended:   2026-07-25T05:43:05Z
Runs:    1
Final report: /run/media/milosvasic/DATA4TB/Projects/helix_seller/docs/challenges/HXS_FINAL_REPORT.md
